<html>
<body>
<pre>
<h1>µVision Build Log</h1>
<h2>Project:</h2>
D:\Google Drive\_School\Current Term\CS 271\Final Paper\Code\Program1\ARMv7\Proj.uvproj
Project File Date:  03/18/2014

<h2>Output:</h2>
Rebuild target 'Target 1'
assembling assem.s...
linking...
Program Size: Code=96 RO-data=0 RW-data=0 ZI-data=0  
".\Proj.axf" - 0 Error(s), 0 Warning(s).
</pre>
</body>
</html>
.\Proj.axf" - 2 Error(s), 0 Warning(s).
Target not created
(s).
Target not created
g(s).
Target not created
" - 3 Error(s), 0 Warning(s).
Target not created
